/home/workstation/embers_fw/LLU_V2_Common/LLU_V2_LightControl.c:424:6:SetGreenLevel.part.0	0	static
/home/workstation/embers_fw/LLU_V2_Common/LLU_V2_LightControl.c:497:6:SetBlueLevel.part.0	0	static
/home/workstation/embers_fw/LLU_V2_Common/LLU_V2_LightControl.c:570:6:SetUvLevel.part.0	0	static
/home/workstation/embers_fw/LLU_V2_Common/LLU_V2_LightControl.c:641:6:SetWhiteLevel.part.0	0	static
/home/workstation/embers_fw/LLU_V2_Common/LLU_V2_LightControl.c:153:6:Delay_uS	0	static
/home/workstation/embers_fw/LLU_V2_Common/LLU_V2_LightControl.c:356:6:SetRedLevel	0	static
/home/workstation/embers_fw/LLU_V2_Common/LLU_V2_LightControl.c:424:6:SetGreenLevel	0	static
/home/workstation/embers_fw/LLU_V2_Common/LLU_V2_LightControl.c:497:6:SetBlueLevel	0	static
/home/workstation/embers_fw/LLU_V2_Common/LLU_V2_LightControl.c:570:6:SetUvLevel	0	static
/home/workstation/embers_fw/LLU_V2_Common/LLU_V2_LightControl.c:641:6:SetWhiteLevel	0	static
/home/workstation/embers_fw/LLU_V2_Common/LLU_V2_LightControl.c:721:6:TurnOnPattern	40	static
/home/workstation/embers_fw/LLU_V2_Common/LLU_V2_LightControl.c:808:6:TurnOffPattern	40	static
/home/workstation/embers_fw/LLU_V2_Common/LLU_V2_LightControl.c:841:6:ProcessPowerUp	4	static
/home/workstation/embers_fw/LLU_V2_Common/LLU_V2_LightControl.c:859:6:ProcessPowerDown	8	static
/home/workstation/embers_fw/LLU_V2_Common/LLU_V2_LightControl.c:886:6:ProcessLightUp	0	static
/home/workstation/embers_fw/LLU_V2_Common/LLU_V2_LightControl.c:892:6:ProcessLightDown	0	static
/home/workstation/embers_fw/LLU_V2_Common/LLU_V2_LightControl.c:911:7:DirectLightCtrl	32	static
/home/workstation/embers_fw/LLU_V2_Common/LLU_V2_LightControl.c:1011:6:ProcessRedButton	0	static
/home/workstation/embers_fw/LLU_V2_Common/LLU_V2_LightControl.c:1016:6:ProcessGreenButton	0	static
/home/workstation/embers_fw/LLU_V2_Common/LLU_V2_LightControl.c:1021:6:ProcessBlueButton	0	static
/home/workstation/embers_fw/LLU_V2_Common/LLU_V2_LightControl.c:1026:6:ProcessUvButton	0	static
/home/workstation/embers_fw/LLU_V2_Common/LLU_V2_LightControl.c:1031:6:ProcessWhiteButton	0	static
/home/workstation/embers_fw/LLU_V2_Common/LLU_V2_LightControl.c:1038:6:Process_Mode_Stroboscope_Button	4	static
/home/workstation/embers_fw/LLU_V2_Common/LLU_V2_LightControl.c:1061:6:Process_Mode_Sequential_Button	4	static
/home/workstation/embers_fw/LLU_V2_Common/LLU_V2_LightControl.c:1082:6:Process_Mode_Rainbow_Button	4	static
/home/workstation/embers_fw/LLU_V2_Common/LLU_V2_LightControl.c:1104:6:Process_Mode_Manual_Button	4	static
/home/workstation/embers_fw/LLU_V2_Common/LLU_V2_LightControl.c:1135:6:Process_Mode_SERVICE	8	static
/home/workstation/embers_fw/LLU_V2_Common/LLU_V2_LightControl.c:1161:6:Process_ChangeRoleCommand	4	static
/home/workstation/embers_fw/LLU_V2_Common/LLU_V2_LightControl.c:1192:6:Process_Mode_Sequential	0	static
/home/workstation/embers_fw/LLU_V2_Common/LLU_V2_LightControl.c:1213:6:Process_Mode_Rainbow	0	static
/home/workstation/embers_fw/LLU_V2_Common/LLU_V2_LightControl.c:1223:6:Process_Mode_Stroboscope	0	static
/home/workstation/embers_fw/LLU_V2_Common/LLU_V2_LightControl.c:1355:6:RestoreActualMax	48	static
/home/workstation/embers_fw/LLU_V2_Common/LLU_V2_LightControl.c:1379:6:SetActualMax	0	static
/home/workstation/embers_fw/LLU_V2_Common/LLU_V2_LightControl.c:1407:6:ProcessMainStateMaschine	40	static
/home/workstation/embers_fw/LLU_V2_Common/LLU_V2_LightControl.c:2042:7:LLU_V2_RedChannelInit	16	static
/home/workstation/embers_fw/LLU_V2_Common/LLU_V2_LightControl.c:2120:7:LLU_V2_GreenChannelInit	16	static
/home/workstation/embers_fw/LLU_V2_Common/LLU_V2_LightControl.c:2215:7:LLU_V2_BlueChannelInit	16	static
/home/workstation/embers_fw/LLU_V2_Common/LLU_V2_LightControl.c:2310:7:LLU_V2_UvChannelInit	16	static
/home/workstation/embers_fw/LLU_V2_Common/LLU_V2_LightControl.c:2408:7:LLU_V2_WhiteChannelInit	16	static
/home/workstation/embers_fw/LLU_V2_Common/LLU_V2_LightControl.c:2551:6:Timer11CaptureCompare_Callback	0	static
/home/workstation/embers_fw/LLU_V2_Common/LLU_V2_LightControl.c:2556:6:Timer3CaptureCompare_Callback	0	static
/home/workstation/embers_fw/LLU_V2_Common/LLU_V2_LightControl.c:2561:6:Timer2CaptureCompare_Callback	0	static
/home/workstation/embers_fw/LLU_V2_Common/LLU_V2_LightControl.c:2566:6:Timer10CaptureCompare_Callback	0	static
/home/workstation/embers_fw/LLU_V2_Common/LLU_V2_LightControl.c:2571:6:Timer4CaptureCompare_Callback	0	static
/home/workstation/embers_fw/LLU_V2_Common/LLU_V2_LightControl.c:2577:6:Timer1CaptureCompare_Callback	0	static
