/home/workstation/embers_fw/MPU_V2_Basic/Src/main.c:917:6:UpdateRedLevelFast_MP	4	static
/home/workstation/embers_fw/MPU_V2_Basic/Src/main.c:938:6:InitRedLightArray_MP_V1	36	static
/home/workstation/embers_fw/MPU_V2_Basic/Src/main.c:1235:6:UpdateGreenLevelFast_MP	4	static
/home/workstation/embers_fw/MPU_V2_Basic/Src/main.c:1255:6:InitGreenLightArray_MP_V1	36	static
/home/workstation/embers_fw/MPU_V2_Basic/Src/main.c:1551:6:UpdateBlueLevelFast_MP	4	static
/home/workstation/embers_fw/MPU_V2_Basic/Src/main.c:1572:6:InitBlueLightArray_MP_V1	36	static
/home/workstation/embers_fw/MPU_V2_Basic/Src/main.c:1866:6:UpdateUvLevelFast_MP	4	static
/home/workstation/embers_fw/MPU_V2_Basic/Src/main.c:1887:6:InitUvLightArray_MP_V1	36	static
/home/workstation/embers_fw/MPU_V2_Basic/Src/main.c:2181:6:UpdateWhiteLevelFast_MP	4	static
/home/workstation/embers_fw/MPU_V2_Basic/Src/main.c:2203:6:InitWhiteLightArray_MP_V1	36	static
/home/workstation/embers_fw/MPU_V2_Basic/Src/main.c:2627:6:Configure_ADC_DMA	8	static
/home/workstation/embers_fw/MPU_V2_Basic/Src/main.c:2713:6:Configure_ADC	24	static
/home/workstation/embers_fw/MPU_V2_Basic/Src/main.c:3076:6:Activate_ADC	0	static
/home/workstation/embers_fw/MPU_V2_Basic/Src/main.c:3151:6:AdcDmaTransferComplete_Callback	0	static
/home/workstation/embers_fw/MPU_V2_Basic/Src/main.c:3180:6:AdcDmaTransferError_Callback	0	static
/home/workstation/embers_fw/MPU_V2_Basic/Src/main.c:3193:6:AdcGrpRegularSequenceConvComplete_Callback	0	static
/home/workstation/embers_fw/MPU_V2_Basic/Src/main.c:3207:6:AdcGrpRegularOverrunError_Callback	0	static
/home/workstation/embers_fw/MPU_V2_Basic/Src/main.c:3220:6:GetADC_Data	24	static
/home/workstation/embers_fw/MPU_V2_Basic/Src/main.c:3493:6:Configure_DMA	8	static
/home/workstation/embers_fw/MPU_V2_Basic/Src/main.c:3552:9:Configure_I2C_Master	40	static
/home/workstation/embers_fw/MPU_V2_Basic/Src/main.c:3660:6:Activate_I2C_Master	0	static
/home/workstation/embers_fw/MPU_V2_Basic/Src/main.c:3703:6:Handle_I2C_Master_Transmit	8	static
/home/workstation/embers_fw/MPU_V2_Basic/Src/main.c:3811:6:Handle_I2C_Master_TransmitReceive	12	static
/home/workstation/embers_fw/MPU_V2_Basic/Src/main.c:3962:6:Transfer_Complete_Callback	0	static
/home/workstation/embers_fw/MPU_V2_Basic/Src/main.c:3974:6:Transfer_Error_Callback	0	static
/home/workstation/embers_fw/MPU_V2_Basic/Src/main.c:3988:6:Error_Callback	0	static
/home/workstation/embers_fw/MPU_V2_Basic/Src/main.c:4013:6:Implement_RC6_Command	0	static
/home/workstation/embers_fw/MPU_V2_Basic/Src/main.c:4056:6:Implement_NEC_Command	24	static
/home/workstation/embers_fw/MPU_V2_Basic/Src/main.c:4102:7:ProcessIrDA_StateMaschine	16	static
/home/workstation/embers_fw/MPU_V2_Basic/Src/main.c:4656:6:SystemClock_Config	4	static
/home/workstation/embers_fw/MPU_V2_Basic/Src/main.c:4218:5:main	16	static
