/home/workstation/embers_fw/MPU_V2_Basic/Src/stm32f4xx_it.c:1201:6:ProcessStrobeMode.part.0	8	static
/home/workstation/embers_fw/MPU_V2_Basic/Src/stm32f4xx_it.c:74:6:NMI_Handler	0	static
/home/workstation/embers_fw/MPU_V2_Basic/Src/stm32f4xx_it.c:83:6:HardFault_Handler	0	static
/home/workstation/embers_fw/MPU_V2_Basic/Src/stm32f4xx_it.c:96:6:MemManage_Handler	0	static
/home/workstation/embers_fw/MPU_V2_Basic/Src/stm32f4xx_it.c:109:6:BusFault_Handler	0	static
/home/workstation/embers_fw/MPU_V2_Basic/Src/stm32f4xx_it.c:122:6:UsageFault_Handler	0	static
/home/workstation/embers_fw/MPU_V2_Basic/Src/stm32f4xx_it.c:135:6:SVC_Handler	0	static
/home/workstation/embers_fw/MPU_V2_Basic/Src/stm32f4xx_it.c:144:6:DebugMon_Handler	0	static
/home/workstation/embers_fw/MPU_V2_Basic/Src/stm32f4xx_it.c:153:6:PendSV_Handler	0	static
/home/workstation/embers_fw/MPU_V2_Basic/Src/stm32f4xx_it.c:173:6:SysTick_Handler	8	static
/home/workstation/embers_fw/MPU_V2_Basic/Src/stm32f4xx_it.c:307:6:TIM3_IRQHandler	24	static
/home/workstation/embers_fw/MPU_V2_Basic/Src/stm32f4xx_it.c:513:6:TIM4_IRQHandler	24	static
/home/workstation/embers_fw/MPU_V2_Basic/Src/stm32f4xx_it.c:705:6:TIM2_IRQHandler	24	static
/home/workstation/embers_fw/MPU_V2_Basic/Src/stm32f4xx_it.c:910:6:TIM1_TRG_COM_TIM11_IRQHandler	24	static
/home/workstation/embers_fw/MPU_V2_Basic/Src/stm32f4xx_it.c:1201:6:ProcessStrobeMode	0	static
/home/workstation/embers_fw/MPU_V2_Basic/Src/stm32f4xx_it.c:1247:6:TIM1_CC_IRQHandler	16	static
/home/workstation/embers_fw/MPU_V2_Basic/Src/stm32f4xx_it.c:1333:6:TIM1_UP_TIM10_IRQHandler	24	static
/home/workstation/embers_fw/MPU_V2_Basic/Src/stm32f4xx_it.c:1534:6:ADC_IRQHandler	0	static
/home/workstation/embers_fw/MPU_V2_Basic/Src/stm32f4xx_it.c:1566:6:DMA2_Stream0_IRQHandler	8	static
/home/workstation/embers_fw/MPU_V2_Basic/Src/stm32f4xx_it.c:1607:6:I2C3_EV_IRQHandler	8	static
/home/workstation/embers_fw/MPU_V2_Basic/Src/stm32f4xx_it.c:1668:6:I2C3_ER_IRQHandler	0	static
/home/workstation/embers_fw/MPU_V2_Basic/Src/stm32f4xx_it.c:1681:6:DMA1_Stream5_IRQHandler	0	static
/home/workstation/embers_fw/MPU_V2_Basic/Src/stm32f4xx_it.c:1701:6:DMA1_Stream2_IRQHandler	0	static
